// Vitest Snapshot v1, https://vitest.dev/guide/snapshot.html

exports[`printComment > should print comment 1`] = `
"<h3>✱ Stainless SDK previews</h3>

<i>Last updated: 2000-01-01 00:00:00 UTC</i>

💬 This PR updates <code>test-project</code> SDKs with this commit message. To change the commit message, edit this comment.

<!-- Replace the contents of this code block with your commit message. Use a commit message in the conventional commits format: https://www.conventionalcommits.org/en/v1.0.0/ -->
\`\`\`
Update API endpoints
\`\`\`

❗ <b>Failures.</b> See the <a href="https://app.stainless.com/test-org/test-project/studio?branch=feature-branch">Stainless Studio</a> for details.

<ul>
<li>test-project-python: Fatal error.</li>
</ul>

⚡ <b>Merge conflicts.</b> You can resolve conflicts now; if you do, <a href="https://github.com/test-org/test-sdk/actions/runs/200">re-run this GitHub action</a> to get diffs. If you merge before resolving conflicts, new conflict PRs will be created after merging.

<ul>
<li>test-project-go: <a href="https://github.com/test-org/test-sdk/pull/1">Link to conflict.</a></li>
</ul>

⚠️ <b>Regressions.</b>

<details open>
<summary>test-project-typescript: <a href="https://app.stainless.com/test-org/test-project/studio?language=typescript&branch=feature-branch">studio</a> · <a href="https://github.com/test-org/test-sdk/tree/feature-branch">code</a> · <a href="https://github.com/test-org/test-sdk/compare/base-branch..feature-branch">diff</a></summary>

<blockquote>

Build: <a href="https://github.com/test-org/test-sdk/actions/runs/200">✅ success</a> → <a href="https://github.com/test-org/test-sdk/actions/runs/211">❗ failure</a>

<details>
<summary>New diagnostics (1 error, 1 warning)</summary>

<blockquote>

See the Stainless Studio for more details.

<ul>
<li>❗ <b>Error</b>: Error</li>
<li>⚠️ <b>Warning</b>: Other warning</li>
</ul>

</blockquote>

</details>

<details>
<summary>Installation</summary>

\`\`\`bash
npm install https://github.com/test-org/test-sdk.git#feature-branch
\`\`\`

</details>

</blockquote>

</details>

✅ <b>Successes.</b>

- test-project-kotlin: <a href="https://app.stainless.com/test-org/test-project/studio?language=kotlin&branch=feature-branch">studio</a> · <a href="https://github.com/test-org/test-sdk/tree/feature-branch">code</a>

⏳ These are partial results; builds are still running."
`;
