// Vitest Snapshot v1, https://vitest.dev/guide/snapshot.html

exports[`printComment > should print comment 1`] = `
"<h3>✱ Stainless SDK previews</h3>

This PR will update the <code>test-project</code> SDKs with the following commit message.

\`\`\`
Update API endpoints
\`\`\`

Edit this comment to update it.

<details open>
<summary>❗ <b>test-project-python</b> <a href="https://app.stainless.com/test-org/test-project/studio?language=python&branch=feature-branch">studio</a></summary>

<blockquote>

<i>Code was not generated because there was a fatal error.</i>

</blockquote>

</details>

<details open>
<summary>⚡ <b>test-project-go</b> <a href="https://app.stainless.com/test-org/test-project/studio?language=go&branch=feature-branch">studio</a> · <a href="https://github.com/test-org/test-sdk/pull/1">conflict</a></summary>

<blockquote>

<i>There was a conflict between your custom code and your generated changes.</i>
<i>You don't need to resolve this conflict right now, but you will need to resolve it for your changes to be released to your users. Read more about why this happened <a href="https://www.stainless.com/docs/guides/add-custom-code">here</a>.</i>

</blockquote>

</details>

<details open>
<summary>⚠️ <b>test-project-typescript</b> <a href="https://app.stainless.com/test-org/test-project/studio?language=typescript&branch=feature-branch">studio</a> · <a href="https://github.com/test-org/test-sdk/tree/feature-branch">code</a> · <a href="https://github.com/test-org/test-sdk/compare/base-branch..feature-branch">diff</a></summary>

<blockquote>

<i>There was a regression in your SDK.</i>
<a href="https://github.com/test-org/test-sdk/actions/runs/210"><code>generate ✅</code></a> → <a href="https://github.com/test-org/test-sdk/actions/runs/212"><code>lint ✅</code></a> → <a href="https://github.com/test-org/test-sdk/actions/runs/213"><code>test ✅</code></a> → <a href="https://github.com/test-org/test-sdk/actions/runs/211"><code>build ❗</code></a> (old: <a href="https://github.com/test-org/test-sdk/actions/runs/200"><code>build ✅</code></a>)
<details>
<summary>New diagnostics (1 error, 1 warning)</summary>

<table>
<tr>
<td>❗ <b>Error</b>: Error</td>
</tr>
<tr>
<td>⚠️ <b>Warning</b>: Other warning</td>
</tr>
</table>

</details>
<details>
<summary>Installation</summary>

\`\`\`bash
npm install https://github.com/test-org/test-sdk.git#feature-branch
\`\`\`

</details>

</blockquote>

</details>

<details>
<summary>⏳ <b>test-project-java</b> <a href="https://app.stainless.com/test-org/test-project/studio?language=java&branch=feature-branch">studio</a> · <a href="https://github.com/test-org/test-sdk/tree/feature-branch">code</a></summary>

<blockquote>

<code>generate ✅</code> → <a href="https://github.com/test-org/test-sdk/actions/runs/213"><code>lint ✅</code></a> → <code>test ⏳</code>

</blockquote>

</details>

<details>
<summary>✅ <b>test-project-kotlin</b> <a href="https://app.stainless.com/test-org/test-project/studio?language=kotlin&branch=feature-branch">studio</a> · <a href="https://github.com/test-org/test-sdk/tree/feature-branch">code</a></summary>

<blockquote>

<i>Your SDK built successfully.</i>
<code>generate ✅</code> → <a href="https://github.com/test-org/test-sdk/actions/runs/213"><code>lint ✅</code></a> → <a href="https://github.com/test-org/test-sdk/actions/runs/214"><code>test ✅</code></a>

</blockquote>

</details>

⏳ These are partial results; builds are still running.

<hr />

<i>This comment is auto-generated by GitHub Actions and is automatically kept up to date as you push.<br/>Last updated: 2000-01-01 00:00:00 UTC</i>"
`;
